// Jest Snapshot v1, https://goo.gl/fbAQLP

exports[`withPreviewPlayer is rendered correctly 1`] = `<div />`;
